Ação: # Teste com os alunos da turma E
Ação: #
Ação: i 154815 Breno Pedroni
Ação: i 160138 Caio Cesar de Campos Silva
Ação: i 043473 Fernanda Elena de Barros Reis
Ação: i 104923 Fernando Henrique de Moura Bastos
Ação: i 160160 Guilherme Furlan
Ação: i 146328 Guilherme Victor Cunha Câmara
