Ação: # Teste com alunos da Turma E em ordem decrescente de RA
Ação: i 160245 Rogerio Guimaraes Meirelles
Ação: i 160160 Guilherme Furlan
Ação: i 160138 Caio Cesar de Campos Silva
