Ação: #Turmas E e F em ordem quase aleatória
Ação: i 157642 Alex Wei
Ação: i 154815 Breno Pedroni
Ação: i 157743 Bruno Mendes Richau
Ação: i 160138 Caio Cesar de Campos Silva
Ação: i 157754 Caio Salvador Rohwedder
Ação: i 157809 Danilo Marcolino Valente
