Ação: # Testes simples com três elementos
Ação: # Sem rotações
Ação: i 033799 Maria da Silva
Ação: i 031780 João de Souza
Ação: i 034144 José de Morais
Ação: p
031780 João de Souza
033799 Maria da Silva
034144 José de Morais
Ação: a
Altura da base de dados: 2.
Ação: d

   / 34144
  33799
   \ 31780

Ação: l
Ação: # RR
Ação: i 031780 João de Souza
Ação: i 033799 Maria da Silva
Ação: i 034144 José de Morais
