# Expressões simples sem parênteses
Infixa: a
Prefixa: a
Posfixa: a


Infixa: -a
Prefixa: ~a
Posfixa: a~


Infixa: +a
Prefixa: &a
Posfixa: a&


Infixa: a+b
Prefixa: +ab
Posfixa: ab+


Infixa: a-b
Prefixa: -ab
Posfixa: ab-


Infixa: a*b
Prefixa: *ab
Posfixa: ab*


Infixa: a/b
Prefixa: /ab
Posfixa: ab/


Infixa: a^b
Prefixa: ^ab
Posfixa: ab^


Processamento terminado
