Ação: # Teste com um aluno
Ação: # 
Ação: i 123456 João da Silva
Ação: n
Número de elementos: 1.
Ação: v
Fila válida
Ação: p
 123456 João da Silva
Ação: l
Ação: x
Processamento terminado
