Ação: # Teste com todos os alunos
Ação: #
Ação: i 157642 Alex Wei
Ação: i 154815 Breno Pedroni
Ação: i 157743 Bruno Mendes Richau
Ação: i 160138 Caio Cesar de Campos Silva
Ação: i 157754 Caio Salvador Rohwedder
Ação: i 157809 Danilo Marcolino Valente
Ação: i 043473 Fernanda Elena de Barros Reis
Ação: i 104923 Fernando Henrique de Moura Bastos
Ação: i 159708 Gabriel Bertini de Oliveira
Ação: i 155477 Gabriel Souza Franco
Ação: i 160160 Guilherme Furlan
Ação: i 146328 Guilherme Victor Cunha Câmara
Ação: i 157986 Henrique Noronha Facioli
Ação: i 155742 Hugo Ralf Pereira
Ação: i 155758 Igor Gustavo Hitzschky Lema
Ação: i 155925 Joao Pedro Brasao Toledo
Ação: i 155951 Joao Vitor Buscatto Silva
Ação: i 155976 Jose Henrique Ferreira Pinto
Ação: i 156059 Julianny Favinha Donda
Ação: i 156074 Kaique de Souza Monteiro
Ação: i 057092 Kaiser Dias Schwarcz
Ação: i 108677 Khevin Iam Pettri Mituti
Ação: i 156131 Lais Tiemi Murakami
Ação: i 136454 Larissa Dominique Garcia
Ação: i 156175 Lauro Cruz e Souza
Ação: i 117706 Lucas Cavalcante de Barros
Ação: i 136625 Lucas Felix Dantas Rocha
Ação: i 156405 Lucas Rodolfo de Castro Moura
Ação: i 103179 Lucas Seiji Mizuta
Ação: i 156412 Lucas Silva Schanner
Ação: i 148804 Marcelo Miyazaki
Ação: i 105351 Maria Angelica de Araujo Barnabe
Ação: i 149332 Mateus Roque Buck
Ação: i 150770 Nicolas Hamacher Liepkaln
Ação: i 103771 Pedro Henrique da Silva
Ação: i 158354 Rafael Ferigolo da Cruz Silva
Ação: i 157065 Rafael Marques Miorim
Ação: i 157104 Raphael Mobis Tacla
Ação: i 158372 Raphael Pavan Silva
Ação: i 092844 Renato Aparecido de Oliveira
Ação: i 118596 Rodolfo Martins Perin
Ação: i 157198 Rodrigo Dahlstrom Hilkner
Ação: i 160245 Rogerio Guimaraes Meirelles
Ação: i 157228 Ronaldo Prata Amorim
Ação: i 157240 Sabrina Beck Angelini
Ação: i 157324 Tamara Martinelli de Campos
Ação: i 157413 Thiago Lugli Goncales
Ação: i 137796 Victor Otávio Andrade das Neves
Ação: i 151305 Vinicius Guilherme de Souza Maion
Ação: i 139240 Vítor Monteiro Francisco dos Santos
Ação: i 158526 Yuri Catarino Delgado
Ação: #
Ação: n
Número de elementos: 51.
Ação: v
Fila válida
Ação: d
              /155758
           /148804
              \156412
        /117706
              /156405
           \155742
              \157743
     /103179
              /146328
           /136625
              \157986
        \136454
                 /158526
              /139240
                 \156175
           \137796
                 /154815
              \151305
                 \157809
 043473
                 /157413
              /156131
                 \157324
           /108677
                 /157240
              \157228
                 \160160
        /092844
                 /160245
              /156074
                 \157198
           \104923
                 /155477
              \118596
                 \157754
     \057092
                 /158372
              /156059
                 \157104
           /155976
                 /158354
              \157065
                 \159708
        \103771
                 /150770
              /149332
                 \157642
           \105351
                 /155951
              \155925
                 \160138
Ação: p
 043473 Fernanda Elena de Barros Reis
 057092 Kaiser Dias Schwarcz
 092844 Renato Aparecido de Oliveira
 103179 Lucas Seiji Mizuta
 103771 Pedro Henrique da Silva
 104923 Fernando Henrique de Moura Bastos
 105351 Maria Angelica de Araujo Barnabe
 108677 Khevin Iam Pettri Mituti
 117706 Lucas Cavalcante de Barros
 118596 Rodolfo Martins Perin
 136454 Larissa Dominique Garcia
 136625 Lucas Felix Dantas Rocha
 137796 Victor Otávio Andrade das Neves
 139240 Vítor Monteiro Francisco dos Santos
 146328 Guilherme Victor Cunha Câmara
 148804 Marcelo Miyazaki
 149332 Mateus Roque Buck
 150770 Nicolas Hamacher Liepkaln
 151305 Vinicius Guilherme de Souza Maion
 154815 Breno Pedroni
 155477 Gabriel Souza Franco
 155742 Hugo Ralf Pereira
 155758 Igor Gustavo Hitzschky Lema
 155925 Joao Pedro Brasao Toledo
 155951 Joao Vitor Buscatto Silva
 155976 Jose Henrique Ferreira Pinto
 156059 Julianny Favinha Donda
 156074 Kaique de Souza Monteiro
 156131 Lais Tiemi Murakami
 156175 Lauro Cruz e Souza
 156405 Lucas Rodolfo de Castro Moura
 156412 Lucas Silva Schanner
 157065 Rafael Marques Miorim
 157104 Raphael Mobis Tacla
 157198 Rodrigo Dahlstrom Hilkner
 157228 Ronaldo Prata Amorim
 157240 Sabrina Beck Angelini
 157324 Tamara Martinelli de Campos
 157413 Thiago Lugli Goncales
 157642 Alex Wei
 157743 Bruno Mendes Richau
 157754 Caio Salvador Rohwedder
 157809 Danilo Marcolino Valente
 157986 Henrique Noronha Facioli
 158354 Rafael Ferigolo da Cruz Silva
 158372 Raphael Pavan Silva
 158526 Yuri Catarino Delgado
 159708 Gabriel Bertini de Oliveira
 160138 Caio Cesar de Campos Silva
 160160 Guilherme Furlan
 160245 Rogerio Guimaraes Meirelles
Ação: n
Número de elementos: 0.
Ação: l
Ação: x
Processamento terminado
